// Jest Snapshot v1, https://goo.gl/fbAQLP

exports[`should load 1`] = `
<p>
  Loading...
</p>
`;
